# ---------------------------------------------------------------------------
# NOTE (sanitized public copy). For privacy, incidental owner usernames in
# directory listings have been replaced with "user". No command, output,
# disassembly, verdict, or any other result has been altered. The unmodified
# raw log is retained by the author and available on request.
# ---------------------------------------------------------------------------

== $ date
Wed Sep  9 20:49:40 GTBDT 2026
== $ ls -la
total 73
drwxr-xr-x 1 user 197121     0 Sep  9 20:49 .
drwxr-xr-x 1 user 197121     0 Sep  9 20:48 ..
-rw-r--r-- 1 user 197121    53 Sep  9 20:49 EVIDENCE.log
-rw-r--r-- 1 user 197121 63774 Sep  9 20:48 build-a.jar
-rw-r--r-- 1 user 197121  3192 Sep  9 20:48 license-demo.jar
== $ unzip -l license-demo.jar
Archive:  license-demo.jar
  Length      Date    Time    Name
---------  ---------- -----   ----
        0  2026-08-24 12:51   META-INF/
       90  2026-08-24 12:51   META-INF/MANIFEST.MF
     2871  2026-08-23 14:21   DiffTest.class
      241  2026-08-24 12:51   LicenseDemo$ApplyObzcureVM.class
     1195  2026-08-24 12:51   LicenseDemo.class
---------                     -------
     4397                     5 files
== $ unzip -l build-a.jar
Archive:  build-a.jar
  Length      Date    Time    Name
---------  ---------- -----   ----
      201  2026-08-24 12:52   LicenseDemo$ApplyObzcureVM.class
     1071  2026-08-24 12:52   obzcu/re/virtualmachine/types/invokedynamics/VMFunction.class
     2855  2026-08-24 12:52   DiffTest.class
     1019  2026-08-24 12:52   obzcu/re/virtualmachine/ObzcureVM$Quad.class
     1541  2026-08-24 12:52   LicenseDemo.class
     2044  2026-08-24 12:52   obzcu/re/virtualmachine/types/VMNode.class
     1005  2026-08-24 12:52   obzcu/re/virtualmachine/types/invokedynamics/VMConsumer.class
     2522  2026-08-24 12:52   obzcu/re/virtualmachine/types/VMIntInsnNode.class
     1102  2026-08-24 12:52   obzcu/re/virtualmachine/types/VMLdcInsnNode.class
     2631  2026-08-24 12:52   obzcu/re/virtualmachine/types/VMTableSwitchInsnNode.class
     1164  2026-08-24 12:52   obzcu/re/virtualmachine/types/VMIincInsnNode.class
    30478  2026-08-24 12:52   obzcu/re/virtualmachine/ObzcureVM.class
     1166  2026-08-24 12:52   obzcu/re/virtualmachine/types/VMLookupSwitchInsnNode.class
     5353  2026-08-24 12:52   obzcu/re/virtualmachine/asm/VMOpcodes.class
      961  2026-08-24 12:52   obzcu/re/virtualmachine/types/invokedynamics/VMSupplier.class
      695  2026-08-24 12:52   obzcu/re/virtualmachine/types/VMLabelInsnNode.class
      909  2026-08-24 12:52   obzcu/re/virtualmachine/ObzcureVM$Trio.class
     1008  2026-08-24 12:52   obzcu/re/virtualmachine/types/invokedynamics/VMPredicate.class
     1184  2026-08-24 12:52   obzcu/re/virtualmachine/asm/VMType.class
    18432  2026-08-24 12:52   obzcu/re/virtualmachine/types/VMInvokeDynamicInsnNode.class
     4046  2026-08-24 12:52   obzcu/re/virtualmachine/types/VMMethodInsnNode.class
     2961  2026-08-24 12:52   obzcu/re/virtualmachine/types/VMFieldInsnNode.class
     1542  2026-08-24 12:52   obzcu/re/virtualmachine/asm/VMTryCatch.class
     2383  2026-08-24 12:52   obzcu/re/virtualmachine/types/VMJumpInsnNode.class
    16112  2026-08-24 12:52   obzcu/re/virtualmachine/types/VMInsnNode.class
      796  2026-08-24 12:52   obzcu/re/virtualmachine/ObzcureVM$Duo.class
    10236  2026-08-24 12:52   obzcu/re/virtualmachine/VMLoader.class
     3426  2026-08-24 12:52   obzcu/re/virtualmachine/VMStack.class
     1444  2026-08-24 12:52   obzcu/re/virtualmachine/asm/VMHandle.class
      659  2026-08-24 12:52   obzcu/re/virtualmachine/types/invokedynamics/VMRunnable.class
      816  2026-08-24 12:52   obzcu/re/virtualmachine/types/VMLineNumberInsnNode.class
     1775  2026-08-24 12:52   obzcu/re/virtualmachine/types/VMVarInsnNode.class
     2448  2026-08-24 12:52   obzcu/re/virtualmachine/types/VMTypeInsnNode.class
      619  2026-08-24 12:52   obzcure/cats.meow
        0  2026-08-24 12:52   META-INF/
       90  2026-08-24 12:52   META-INF/MANIFEST.MF
---------                     -------
   126694                     36 files
== $ mkdir -p ex_demo ex_a
== $ unzip -o license-demo.jar -d ex_demo
Archive:  license-demo.jar
   creating: ex_demo/META-INF/
  inflating: ex_demo/META-INF/MANIFEST.MF  
  inflating: ex_demo/DiffTest.class  
  inflating: ex_demo/LicenseDemo$ApplyObzcureVM.class  
  inflating: ex_demo/LicenseDemo.class  
== $ unzip -o build-a.jar -d ex_a
Archive:  build-a.jar
  inflating: ex_a/LicenseDemo$ApplyObzcureVM.class  
  inflating: ex_a/obzcu/re/virtualmachine/types/invokedynamics/VMFunction.class  
  inflating: ex_a/DiffTest.class     
  inflating: ex_a/obzcu/re/virtualmachine/ObzcureVM$Quad.class  
  inflating: ex_a/LicenseDemo.class  
  inflating: ex_a/obzcu/re/virtualmachine/types/VMNode.class  
  inflating: ex_a/obzcu/re/virtualmachine/types/invokedynamics/VMConsumer.class  
  inflating: ex_a/obzcu/re/virtualmachine/types/VMIntInsnNode.class  
  inflating: ex_a/obzcu/re/virtualmachine/types/VMLdcInsnNode.class  
  inflating: ex_a/obzcu/re/virtualmachine/types/VMTableSwitchInsnNode.class  
  inflating: ex_a/obzcu/re/virtualmachine/types/VMIincInsnNode.class  
  inflating: ex_a/obzcu/re/virtualmachine/ObzcureVM.class  
  inflating: ex_a/obzcu/re/virtualmachine/types/VMLookupSwitchInsnNode.class  
  inflating: ex_a/obzcu/re/virtualmachine/asm/VMOpcodes.class  
  inflating: ex_a/obzcu/re/virtualmachine/types/invokedynamics/VMSupplier.class  
  inflating: ex_a/obzcu/re/virtualmachine/types/VMLabelInsnNode.class  
  inflating: ex_a/obzcu/re/virtualmachine/ObzcureVM$Trio.class  
  inflating: ex_a/obzcu/re/virtualmachine/types/invokedynamics/VMPredicate.class  
  inflating: ex_a/obzcu/re/virtualmachine/asm/VMType.class  
  inflating: ex_a/obzcu/re/virtualmachine/types/VMInvokeDynamicInsnNode.class  
  inflating: ex_a/obzcu/re/virtualmachine/types/VMMethodInsnNode.class  
  inflating: ex_a/obzcu/re/virtualmachine/types/VMFieldInsnNode.class  
  inflating: ex_a/obzcu/re/virtualmachine/asm/VMTryCatch.class  
  inflating: ex_a/obzcu/re/virtualmachine/types/VMJumpInsnNode.class  
  inflating: ex_a/obzcu/re/virtualmachine/types/VMInsnNode.class  
  inflating: ex_a/obzcu/re/virtualmachine/ObzcureVM$Duo.class  
  inflating: ex_a/obzcu/re/virtualmachine/VMLoader.class  
  inflating: ex_a/obzcu/re/virtualmachine/VMStack.class  
  inflating: ex_a/obzcu/re/virtualmachine/asm/VMHandle.class  
  inflating: ex_a/obzcu/re/virtualmachine/types/invokedynamics/VMRunnable.class  
  inflating: ex_a/obzcu/re/virtualmachine/types/VMLineNumberInsnNode.class  
  inflating: ex_a/obzcu/re/virtualmachine/types/VMVarInsnNode.class  
  inflating: ex_a/obzcu/re/virtualmachine/types/VMTypeInsnNode.class  
  inflating: ex_a/obzcure/cats.meow  
   creating: ex_a/META-INF/
  inflating: ex_a/META-INF/MANIFEST.MF  
== $ cat MANIFEST demo
Manifest-Version: 1.0
Created-By: 17.0.19 (Eclipse Adoptium)
Main-Class: LicenseDemo


== $ cat MANIFEST a
Manifest-Version: 1.0
Created-By: 17.0.19 (Eclipse Adoptium)
Main-Class: LicenseDemo


== $ javap -c -p -classpath ex_demo LicenseDemo
Compiled from "LicenseDemo.java"
public class LicenseDemo {
  public LicenseDemo();
    Code:
       0: aload_0
       1: invokespecial #1                  // Method java/lang/Object."<init>":()V
       4: return

  public static void main(java.lang.String[]);
    Code:
       0: sipush        4321
       3: istore_1
       4: iload_1
       5: invokestatic  #7                  // Method checkLicense:(I)I
       8: istore_2
       9: getstatic     #13                 // Field java/lang/System.out:Ljava/io/PrintStream;
      12: iload_1
      13: iload_2
      14: invokedynamic #19,  0             // InvokeDynamic #0:makeConcatWithConstants:(II)Ljava/lang/String;
      19: invokevirtual #23                 // Method java/io/PrintStream.println:(Ljava/lang/String;)V
      22: return

  public static int checkLicense(int);
    Code:
       0: sipush        7919
       3: istore_1
       4: iload_0
       5: bipush        31
       7: imul
       8: istore_2
       9: iload_2
      10: iload_1
      11: ixor
      12: istore_2
      13: iload_2
      14: iload_0
      15: bipush        17
      17: irem
      18: iadd
      19: istore_2
      20: iload_2
      21: ifge          27
      24: iload_2
      25: ineg
      26: istore_2
      27: iload_2
      28: ldc           #29                 // int 100000
      30: irem
      31: ireturn
}
== $ javap -c -p -classpath ex_a LicenseDemo
public class LicenseDemo {
  public static final java.lang.invoke.MethodHandles$Lookup lookup$obzcure;

  public LicenseDemo();
    Code:
       0: aload_0
       1: invokespecial #18                 // Method java/lang/Object."<init>":()V
       4: return

  public static void main(java.lang.String[]);
    Code:
       0: sipush        4321
       3: istore_1
       4: iload_1
       5: invokestatic  #24                 // Method checkLicense:(I)I
       8: istore_2
       9: getstatic     #30                 // Field java/lang/System.out:Ljava/io/PrintStream;
      12: iload_1
      13: iload_2
      14: invokedynamic #42,  0             // InvokeDynamic #0:makeConcatWithConstants:(II)Ljava/lang/String;
      19: invokevirtual #48                 // Method java/io/PrintStream.println:(Ljava/lang/String;)V
      22: return

  public static int checkLicense(int);
    Code:
       0: iconst_0
       1: iconst_3
       2: iconst_3
       3: getstatic     #51                 // Field lookup$obzcure:Ljava/lang/invoke/MethodHandles$Lookup;
       6: invokestatic  #57                 // Method obzcu/re/virtualmachine/ObzcureVM.virtualize:(IIILjava/lang/invoke/MethodHandles$Lookup;)Lobzcu/re/virtualmachine/ObzcureVM;
       9: astore_1
      10: aload_1
      11: iconst_0
      12: iload_0
      13: invokestatic  #63                 // Method java/lang/Integer.valueOf:(I)Ljava/lang/Integer;
      16: invokevirtual #67                 // Method obzcu/re/virtualmachine/ObzcureVM.setLocal:(ILjava/lang/Object;)V
      19: aload_1
      20: invokevirtual #71                 // Method obzcu/re/virtualmachine/ObzcureVM.execute:()Ljava/lang/Object;
      23: checkcast     #59                 // class java/lang/Integer
      26: invokevirtual #75                 // Method java/lang/Integer.intValue:()I
      29: ireturn

  static {};
    Code:
       0: invokestatic  #80                 // Method java/lang/invoke/MethodHandles.lookup:()Ljava/lang/invoke/MethodHandles$Lookup;
       3: putstatic     #51                 // Field lookup$obzcure:Ljava/lang/invoke/MethodHandles$Lookup;
       6: return
}
== $ javap -c -p -classpath ex_a 'LicenseDemo$ApplyObzcureVM'
public interface LicenseDemo$ApplyObzcureVM extends java.lang.annotation.Annotation {
}
== $ ls -la ex_a/obzcure/cats.meow
-rw-r--r-- 1 user 197121 619 Aug 24 12:52 ex_a/obzcure/cats.meow
== $ file-type xxd head
00000000: 0000 0001 0000 0263 0004 4d65 6f77 000b  .......c..Meow..
00000010: 4c69 6365 6e73 6544 656d 6f00 0c63 6865  LicenseDemo..che
00000020: 636b 4c69 6365 6e73 6500 0428 4929 4900  ckLicense..(I)I.
00000030: 0d56 4d49 6e74 496e 736e 4e6f 6465 0000  .VMIntInsnNode..
00000040: 00ba 0000 1eef 000d 564d 5661 7249 6e73  ........VMVarIns
00000050: 6e4e 6f64 6500 0000 0200 0000 0100 0d56  nNode..........V
00000060: 4d56 6172 496e 736e 4e6f 6465 0000 00da  MVarInsnNode....
00000070: 0000 0000 000d 564d 496e 7449 6e73 6e4e  ......VMIntInsnN
00000080: 6f64 6500 0000 f800 0000 1f00 0a56 4d49  ode..........VMI
00000090: 6e73 6e4e 6f64 6500 0000 1000 0d56 4d56  nsnNode......VMV
000000a0: 6172 496e 736e 4e6f 6465 0000 0002 0000  arInsnNode......
000000b0: 0002 000d 564d 5661 7249 6e73 6e4e 6f64  ....VMVarInsnNod
000000c0: 6500 0000 da00 0000 0200 0d56 4d56 6172  e..........VMVar
000000d0: 496e 736e 4e6f 6465 0000 00da 0000 0001  InsnNode........
000000e0: 000a 564d 496e 736e 4e6f 6465 0000 0089  ..VMInsnNode....
000000f0: 000d 564d 5661 7249 6e73 6e4e 6f64 6500  ..VMVarInsnNode.
00000100: 0000 0200 0000 0200 0d56 4d56 6172 496e  .........VMVarIn
00000110: 736e 4e6f 6465 0000 00da 0000 0002 000d  snNode..........
00000120: 564d 5661 7249 6e73 6e4e 6f64 6500 0000  VMVarInsnNode...
00000130: da00 0000 0000 0d56 4d49 6e74 496e 736e  .......VMIntInsn
00000140: 4e6f 6465 0000 00f8 0000 0011 000a 564d  Node..........VM
00000150: 496e 736e 4e6f 6465 0000 006b 000a 564d  InsnNode...k..VM
00000160: 496e 736e 4e6f 6465 0000 00de 000d 564d  InsnNode......VM
00000170: 5661 7249 6e73 6e4e 6f64 6500 0000 0200  VarInsnNode.....
00000180: 0000 0200 0d56 4d56 6172 496e 736e 4e6f  .....VMVarInsnNo
00000190: 6465 0000 00da 0000 0002 000e 564d 4a75  de..........VMJu
000001a0: 6d70 496e 736e 4e6f 6465 0000 0087 0000  mpInsnNode......
000001b0: 0015 000d 564d 5661 7249 6e73 6e4e 6f64  ....VMVarInsnNod
000001c0: 6500 0000 da00 0000 0200 0a56 4d49 6e73  e..........VMIns
000001d0: 6e4e 6f64 6500 0000 6400 0d56 4d56 6172  nNode...d..VMVar
000001e0: 496e 736e 4e6f 6465 0000 0002 0000 0002  InsnNode........
000001f0: 000f 564d 4c61 6265 6c49 6e73 6e4e 6f64  ..VMLabelInsnNod
00000200: 65ff ffff ff00 0000 1500 0856 4d49 676e  e..........VMIgn
00000210: 6f72 6500 0d56 4d56 6172 496e 736e 4e6f  ore..VMVarInsnNo
00000220: 6465 0000 00da 0000 0002 000d 564d 4c64  de..........VMLd
00000230: 6349 6e73 6e4e 6f64 6500 0000 1c00 0000  cInsnNode.......
00000240: 0100 0186 a000 0a56 4d49 6e73 6e4e 6f64  .......VMInsnNod
00000250: 6500 0000 6b00 0a56 4d49 6e73 6e4e 6f64  e...k..VMInsnNod
00000260: 6500 0000 e800 044d 656f 77              e......Meow
== $ java -jar license-demo.jar
checkLicense(4321) = 36659
== $ java -jar build-a.jar
Exception in thread "main" java.lang.UnsupportedClassVersionError: obzcu/re/virtualmachine/ObzcureVM (class file version 61.65535) was compiled with preview features that are unsupported. This version of the Java Runtime only recognizes preview features for class file version 62.65535
	at java.base/java.lang.ClassLoader.defineClass1(Native Method)
	at java.base/java.lang.ClassLoader.defineClass(ClassLoader.java:1013)
	at java.base/java.security.SecureClassLoader.defineClass(SecureClassLoader.java:150)
	at java.base/jdk.internal.loader.BuiltinClassLoader.defineClass(BuiltinClassLoader.java:862)
	at java.base/jdk.internal.loader.BuiltinClassLoader.findClassOnClassPathOrNull(BuiltinClassLoader.java:760)
	at java.base/jdk.internal.loader.BuiltinClassLoader.loadClassOrNull(BuiltinClassLoader.java:681)
	at java.base/jdk.internal.loader.BuiltinClassLoader.loadClass(BuiltinClassLoader.java:639)
	at java.base/jdk.internal.loader.ClassLoaders$AppClassLoader.loadClass(ClassLoaders.java:188)
	at java.base/java.lang.ClassLoader.loadClass(ClassLoader.java:521)
	at LicenseDemo.checkLicense(Unknown Source)
	at LicenseDemo.main(Unknown Source)
== $ java -version
java version "18.0.2.1" 2022-08-18
Java(TM) SE Runtime Environment (build 18.0.2.1+1-1)
Java HotSpot(TM) 64-Bit Server VM (build 18.0.2.1+1-1, mixed mode, sharing)
== $ python verify formula
4321 36659
1 7921
0 7919
7919 37612
-5 7786
123456 32625
== $ python parse cats.meow
hdr bytes: 00000001 00000263
str: 'Meow' -> next i 14
str: 'LicenseDemo' -> next i 27
str: 'checkLicense' -> next i 41
str: '(I)I' -> next i 47
--- nodes (from offset 47 ) ---
VMIntInsnNode nextints: 186 7919 | hex 000000ba00001eef
VMVarInsnNode nextints: 2 1 | hex 0000000200000001
VMVarInsnNode nextints: 218 0 | hex 000000da00000000
VMIntInsnNode nextints: 248 31 | hex 000000f80000001f
VMInsnNode nextints: 16 874061 | hex 00000010000d564d
VMVarInsnNode nextints: 2 2 | hex 0000000200000002
VMVarInsnNode nextints: 218 2 | hex 000000da00000002
VMVarInsnNode nextints: 218 1 | hex 000000da00000001
VMInsnNode nextints: 137 874061 | hex 00000089000d564d
VMVarInsnNode nextints: 2 2 | hex 0000000200000002
VMVarInsnNode nextints: 218 2 | hex 000000da00000002
VMVarInsnNode nextints: 218 0 | hex 000000da00000000
VMIntInsnNode nextints: 248 17 | hex 000000f800000011
VMInsnNode nextints: 107 677453 | hex 0000006b000a564d
VMInsnNode nextints: 222 874061 | hex 000000de000d564d
VMVarInsnNode nextints: 2 2 | hex 0000000200000002
VMVarInsnNode nextints: 218 2 | hex 000000da00000002
VMJumpInsnNode nextints: 135 21 | hex 0000008700000015
VMVarInsnNode nextints: 218 2 | hex 000000da00000002
VMInsnNode nextints: 100 874061 | hex 00000064000d564d
VMVarInsnNode nextints: 2 2 | hex 0000000200000002
VMLabelInsnNode nextints: -1 21 | hex ffffffff00000015
VMIgnore nextints: 874061 1449226825 | hex 000d564d56617249
VMVarInsnNode nextints: 218 2 | hex 000000da00000002
VMLdcInsnNode nextints: 28 1 | hex 0000001c00000001
VMInsnNode nextints: 107 677453 | hex 0000006b000a564d
VMInsnNode nextints: 232 281957 | hex 000000e800044d65
END magic
== $ javap -c -p -classpath ex_a obzcu.re.virtualmachine.asm.VMOpcodes | head -120
Compiled from "VMOpcodes.java"
public interface obzcu.re.virtualmachine.asm.VMOpcodes {
  public static final int T_BOOLEAN;

  public static final int T_CHAR;

  public static final int T_FLOAT;

  public static final int T_DOUBLE;

  public static final int T_BYTE;

  public static final int T_SHORT;

  public static final int T_INT;

  public static final int T_LONG;

  public static final int H_GETFIELD;

  public static final int H_GETSTATIC;

  public static final int H_PUTFIELD;

  public static final int H_PUTSTATIC;

  public static final int H_INVOKEVIRTUAL;

  public static final int H_INVOKESTATIC;

  public static final int H_INVOKESPECIAL;

  public static final int H_NEWINVOKESPECIAL;

  public static final int H_INVOKEINTERFACE;

  public static final int NOP;

  public static final int ACONST_NULL;

  public static final int ICONST_M1;

  public static final int ICONST_0;

  public static final int ICONST_1;

  public static final int ICONST_2;

  public static final int ICONST_3;

  public static final int ICONST_4;

  public static final int ICONST_5;

  public static final int LCONST_0;

  public static final int LCONST_1;

  public static final int FCONST_0;

  public static final int FCONST_1;

  public static final int FCONST_2;

  public static final int DCONST_0;

  public static final int DCONST_1;

  public static final int BIPUSH;

  public static final int SIPUSH;

  public static final int LDC;

  public static final int ILOAD;

  public static final int LLOAD;

  public static final int FLOAD;

  public static final int DLOAD;

  public static final int ALOAD;

  public static final int IALOAD;

  public static final int LALOAD;

  public static final int FALOAD;

  public static final int DALOAD;

  public static final int AALOAD;

  public static final int BALOAD;

  public static final int CALOAD;

  public static final int SALOAD;

  public static final int ISTORE;

  public static final int LSTORE;

  public static final int FSTORE;

  public static final int DSTORE;

  public static final int ASTORE;

  public static final int IASTORE;

  public static final int LASTORE;

  public static final int FASTORE;

  public static final int DASTORE;

  public static final int AASTORE;

== $ javap -constants -p VMOpcodes | grep = 
  public static final int H_GETSTATIC = 2;
  public static final int ICONST_M1 = 2;
  public static final int BIPUSH = 16;
  public static final int ISUB = 100;
  public static final int DMUL = 107;
  public static final int I2D = 135;
  public static final int L2F = 137;
  public static final int INVOKEDYNAMIC = 186;
== $ python strings+ints from cats.meow
size 619
ASCII strings: ['Meow', 'LicenseDemo', 'checkLicense', '(I)I', 'VMIntInsnNode', 'VMVarInsnNode', 'VMVarInsnNode', 'VMIntInsnNode', 'VMInsnNode', 'VMVarInsnNode', 'VMVarInsnNode', 'VMVarInsnNode', 'VMInsnNode', 'VMVarInsnNode', 'VMVarInsnNode', 'VMVarInsnNode', 'VMIntInsnNode', 'VMInsnNode', 'VMInsnNode', 'VMVarInsnNode', 'VMVarInsnNode', 'VMJumpInsnNode', 'VMVarInsnNode', 'VMInsnNode', 'VMVarInsnNode', 'VMLabelInsnNode', 'VMIgnore', 'VMVarInsnNode', 'VMLdcInsnNode', 'VMInsnNode', 'VMInsnNode', 'Meow']
constant 7919 present: True
constant 31 present: True
constant 17 present: True
constant 100000 present: True
== $ ls -la (final)
total 108
drwxr-xr-x 1 user 197121     0 Sep  9 20:53 .
drwxr-xr-x 1 user 197121     0 Sep  9 20:48 ..
-rw-r--r-- 1 user 197121 19962 Sep  9 20:53 EVIDENCE.log
-rw-r--r-- 1 user 197121  2769 Sep  9 20:53 REPORT.md
-rw-r--r-- 1 user 197121 63774 Sep  9 20:48 build-a.jar
drwxr-xr-x 1 user 197121     0 Sep  9 20:49 ex_a
drwxr-xr-x 1 user 197121     0 Sep  9 20:49 ex_demo
-rw-r--r-- 1 user 197121  3192 Sep  9 20:48 license-demo.jar
