############################################################
# RQ1 diversification-effectiveness - Thu Sep  3 18:32:26 GTBDT 2026  (N=20 builds)
java version "18" 2022-03-22
############################################################

### 1. Compile DivExp

### 2. Build 20 variants of the same method; capture seed + blob hash each
  build  1  seed=-8606038832457943407   blob sha256=771f881997035d72...
  build  2  seed=737342458437179765     blob sha256=3b1a718302d90837...
  build  3  seed=-3120480250662924043   blob sha256=cb62588324074b0c...
  build  4  seed=-1363751894065901203   blob sha256=6521699d88b5a095...
  build  5  seed=-6352349254144202030   blob sha256=a6c6a5aaeb301693...
  build  6  seed=6222692129207580653    blob sha256=5c410b719e60099f...
  build  7  seed=1334034789542123363    blob sha256=cb8bbffc69aa02cb...
  build  8  seed=-8582676573293051188   blob sha256=f62211887899cceb...
  build  9  seed=4449800662391477087    blob sha256=4f08ec822945e9ae...
  build 10  seed=2175108157450544834    blob sha256=f7e443d27b28d326...
  build 11  seed=-78520212392224267     blob sha256=8acf927267e386b0...
  build 12  seed=-8035946088433751035   blob sha256=5886e054fb047edd...
  build 13  seed=5325048770433336592    blob sha256=a5103f80a238ca57...
  build 14  seed=-1123040812993670130   blob sha256=e96c2958f746f4e9...
  build 15  seed=1295191243431312606    blob sha256=d9995e149172f993...
  build 16  seed=3532030150115369093    blob sha256=9d30204c4744267b...
  build 17  seed=-4230533821883327867   blob sha256=ba46cca5e90cdcdb...
  build 18  seed=5932674007618784737    blob sha256=c5b6ad60c3a1fc82...
  build 19  seed=4549723001032649435    blob sha256=954bcafca7877c97...
  build 20  seed=-5269872061092689145   blob sha256=b15a1511a046012a...

### 3. Distinctness of the 20 blobs + seeds
    distinct cats.meow blobs: 20 / 20     distinct seeds: 20 / 20

### 4. Cross-build decode-success (from the real seeds)
=========================================================================
RQ1 - diversification effectiveness (from 20 REAL build seeds)
=========================================================================
distinct per-build permutations : 20 / 20
program instructions (opcodes)  : 15  (15 distinct opcode values)
-------------------------------------------------------------------------
SAME-build decode success        : 100.000%  (a build's own table always decodes it)
CROSS-build decode, per opcode    : 0.4256%   (theory 1/256 = 0.3906%)
CROSS-build decode, program opset : 0.2105%
CROSS-build pairs decoding the WHOLE program correctly : 0 / 380
theoretical P(whole program) cross-build : (1/256)^15 = 7.52e-37
=========================================================================
### done (RQ1 diversification)
